[formularosadodeserto.site/vsl/index.html]
[backblue.gif]
[fade.gif]
[index.html]
[formularosadodeserto.site/wp-content/plugins/elementor/assets/lib/eicons/css/elementor-icons.min7816.css]
[formularosadodeserto.site/wp-content/plugins/elementor/assets/css/frontend-lite.min3088.css]
[formularosadodeserto.site/wp-content/uploads/elementor/css/post-6956d.css]
[formularosadodeserto.site/wp-content/plugins/elementor-pro/assets/css/frontend-lite.min1ac1.css]
[formularosadodeserto.site/wp-content/uploads/elementor/css/globalda76.css]
[formularosadodeserto.site/wp-content/uploads/elementor/css/post-247aa0a.css]
[fast.wistia.com/assets/external/E-v1.js]
[formularosadodeserto.site/wp-content/uploads/2022/12/1.jpg]
[formularosadodeserto.site/wp-content/uploads/2022/12/1154462P1-1.jpg]
[formularosadodeserto.site/wp-content/uploads/2022/12/1155185P1.jpg]
[formularosadodeserto.site/wp-content/uploads/2022/12/1154956P2.jpg]
[formularosadodeserto.site/wp-content/uploads/2022/12/1155116P1-2.jpg]
[formularosadodeserto.site/wp-content/uploads/2022/12/1153677P1.jpg]
[formularosadodeserto.site/wp-content/uploads/2022/12/1153214P1.jpg]
[formularosadodeserto.site/wp-content/uploads/2022/12/1154655P1.jpg]
[formularosadodeserto.site/wp-content/uploads/2022/12/1154304P1.jpg]
[formularosadodeserto.site/wp-content/uploads/2022/12/1094710P1.jpg]
[formularosadodeserto.site/wp-content/uploads/2022/12/1093042P1.jpg]
[formularosadodeserto.site/wp-content/uploads/2022/12/1153954P1.jpg]
[formularosadodeserto.site/wp-content/uploads/2022/12/1153136P1.jpg]
[formularosadodeserto.site/wp-content/plugins/elementor/assets/lib/animations/animations.min3088.css]
[formularosadodeserto.site/wp-content/plugins/elementor-pro/assets/js/webpack-pro.runtime.min1ac1.js]
[formularosadodeserto.site/wp-content/plugins/elementor/assets/js/webpack.runtime.min3088.js]
[formularosadodeserto.site/wp-includes/js/jquery/jquery-migrate.mind617.js]
[formularosadodeserto.site/wp-includes/js/jquery/jquery.mina7a0.js]
[formularosadodeserto.site/wp-content/plugins/elementor/assets/js/frontend-modules.min3088.js]
[formularosadodeserto.site/wp-includes/js/dist/vendor/regenerator-runtime.min3937.js]
[formularosadodeserto.site/wp-includes/js/dist/vendor/wp-polyfill.min2c7c.js]
[formularosadodeserto.site/wp-includes/js/dist/hooks.min6c65.js]
[formularosadodeserto.site/wp-includes/js/dist/i18n.mine57b.js]
[formularosadodeserto.site/wp-content/plugins/elementor-pro/assets/js/frontend.min1ac1.js]
[formularosadodeserto.site/wp-content/plugins/elementor/assets/lib/waypoints/waypoints.min05da.js]
[formularosadodeserto.site/wp-includes/js/jquery/ui/core.min3f14.js]
[formularosadodeserto.site/wp-content/plugins/elementor/assets/js/frontend.min3088.js]
[formularosadodeserto.site/wp-content/plugins/elementor-pro/assets/js/elements-handlers.min1ac1.js]
[formularosadodeserto.site/vsl/index.html]
[formularosadodeserto.site/wp-content/plugins/elementor/assets/lib/eicons/css/elementor-icons.min7816.css]
[formularosadodeserto.site/wp-content/plugins/elementor/assets/css/frontend-lite.min3088.css]
[formularosadodeserto.site/wp-content/uploads/elementor/css/post-6956d.css]
[formularosadodeserto.site/wp-content/plugins/elementor-pro/assets/css/frontend-lite.min1ac1.css]
[formularosadodeserto.site/wp-content/uploads/elementor/css/globalda76.css]
[formularosadodeserto.site/wp-content/uploads/elementor/css/post-247aa0a.css]
[formularosadodeserto.site/wp-content/plugins/elementor/assets/lib/animations/animations.min3088.css]
